// Jest Snapshot v1, https://goo.gl/fbAQLP

exports[`ButtonLink matches snapshot 1`] = `
<DocumentFragment>
  <a
    class="inline-flex items-center font-medium rounded-lg shadow-sm border border-gray-300 text-gray-700 bg-white hover:bg-gray-50 focus:outline-none focus:ring-2 focus:ring-offset-2 focus:ring-blue-500 px-4 py-2 text-sm"
    href="/"
  >
    Test
  </a>
</DocumentFragment>
`;
